{"epoch": 1, "train_loss": 2.2999091148376465, "train_acc": 0.095703125, "test_loss": 2.2647498832702637, "test_acc": 0.1429, "grad_norm_mean": 0.2464829608798027}
{
  "status": "complete",
  "error": null,
  "best_test_acc": 0.1429,
  "final_test_acc": 0.1429,
  "elapsed_seconds": 0.9631720999896061,
  "parameter_count": 53450,
  "parameter_groups": {
    "synaptic": [
      "1.W_up.weight",
      "1.W_up.bias",
      "1.field.Q",
      "1.W_down.weight",
      "1.W_down.bias"
    ],
    "intrinsic": [
      "1.field.theta",
      "1.field.g_raw"
    ],
    "other": [],
    "discrete_intrinsic": []
  },
  "max_parameter_delta": {
    "synaptic": 0.011930699460208416,
    "intrinsic": 0.0,
    "other": 0.0
  },
  "max_inactive_change": 0.0,
  "final_dynamics": {}
}

STDERR
