{"epoch": 1, "train_loss": 2.2999072074890137, "train_acc": 0.095703125, "test_loss": 2.2646944747924804, "test_acc": 0.1433, "grad_norm_mean": 0.24677551537752151}
{
  "status": "complete",
  "error": null,
  "best_test_acc": 0.1433,
  "final_test_acc": 0.1433,
  "elapsed_seconds": 0.9933745000016643,
  "parameter_count": 53450,
  "parameter_groups": {
    "synaptic": [
      "1.W_up.weight",
      "1.W_up.bias",
      "1.field.Q",
      "1.W_down.weight",
      "1.W_down.bias"
    ],
    "intrinsic": [
      "1.field.theta",
      "1.field.g_raw"
    ],
    "other": [],
    "discrete_intrinsic": []
  },
  "max_parameter_delta": {
    "synaptic": 0.011930705048143864,
    "intrinsic": 0.0012010037899017334,
    "other": 0.0
  },
  "max_inactive_change": null,
  "final_dynamics": {}
}

STDERR
