{"epoch": 1, "train_loss": 2.3254910707473755, "train_acc": 0.109375, "test_loss": 2.3140041667938234, "test_acc": 0.1016, "grad_norm_mean": 1.5854790806770325}
{
  "status": "complete",
  "error": null,
  "best_test_acc": 0.1016,
  "final_test_acc": 0.1016,
  "elapsed_seconds": 1.4061942999978783,
  "parameter_count": 52582,
  "parameter_groups": {
    "synaptic": [
      "1.W_up.weight",
      "1.W_up.bias",
      "1.field.A",
      "1.field.c",
      "1.field.w",
      "1.field.b",
      "1.field.eta",
      "1.W_down.weight",
      "1.W_down.bias"
    ],
    "intrinsic": [
      "1.field.T",
      "1.field.s_param"
    ],
    "other": [],
    "discrete_intrinsic": [
      "1.field.L",
      "1.field.D"
    ]
  },
  "max_parameter_delta": {
    "synaptic": 0.004007607698440552,
    "intrinsic": 0.00399819016456604,
    "other": 0.0
  },
  "max_inactive_change": null,
  "final_dynamics": {}
}

STDERR
