{"epoch": 1, "train_loss": 2.1604303419589996, "train_acc": 0.240234375, "test_loss": 1.773008567237854, "test_acc": 0.5294, "grad_norm_mean": 2.2629409432411194}
{
  "status": "complete",
  "error": null,
  "best_test_acc": 0.5294,
  "final_test_acc": 0.5294,
  "elapsed_seconds": 1.6209421000094153,
  "parameter_count": 51085,
  "parameter_groups": {
    "synaptic": [
      "input.weight",
      "input.bias",
      "output.weight",
      "output.bias"
    ],
    "intrinsic": [
      "field.theta_raw",
      "field.strength_raw",
      "field.decay_raw",
      "field.rho_raw",
      "field.beta_raw",
      "field.gamma_raw"
    ],
    "other": [],
    "discrete_intrinsic": []
  },
  "max_parameter_delta": {
    "synaptic": 0.01203158125281334,
    "intrinsic": 0.0012021064758300781,
    "other": 0.0
  },
  "max_inactive_change": null,
  "final_dynamics": {
    "membrane_mean": [
      -0.12549331784248352,
      0.13573414087295532,
      0.5462655425071716,
      1.118154525756836
    ],
    "membrane_abs_mean": [
      0.30120477080345154,
      0.3530133366584778,
      0.6265591979026794,
      1.1377360820770264
    ],
    "state_change": [
      0.18616341054439545,
      0.2612350285053253,
      0.4105314314365387,
      0.5718889236450195
    ],
    "activation_rate": [
      0.010861766524612904,
      0.05221619829535484,
      0.19048947095870972,
      0.43592554330825806
    ],
    "release_abs_mean": [
      0.025935005396604538,
      0.053262270987033844,
      0.12033355981111526,
      0.23326559364795685
    ],
    "excitation_mean": [
      0.13491372764110565,
      0.28915098309516907,
      0.6725794076919556,
      1.3331478834152222
    ],
    "inhibition_mean": [
      0.0071653276681900024,
      0.018279021605849266,
      0.05388762801885605,
      0.12743711471557617
    ],
    "inhibition_gate_mean": [
      0.34294870495796204,
      0.3694736659526825,
      0.435676246881485,
      0.5466609001159668
    ],
    "threshold_mean": 0.5002628564834595,
    "effective_threshold_mean": [
      0.5002628564834595,
      0.5002628564834595,
      0.5002628564834595,
      0.5002628564834595
    ],
    "decay_mean": 0.8000165224075317,
    "refractory_mean": [
      0.0,
      0.0,
      0.0,
      0.0
    ],
    "rho": 0.14984919130802155,
    "beta": 1.0006505250930786,
    "gamma": 0.4999999701976776,
    "dead_ratio": 0.0001594387722434476,
    "saturated_ratio": 0.0
  }
}

STDERR
