{"epoch": 1, "train_loss": 2.6762417554855347, "train_acc": 0.16796875, "test_loss": 1.9175325412750244, "test_acc": 0.2374, "grad_norm_mean": 10.47217071056366}
{
  "status": "complete",
  "error": null,
  "best_test_acc": 0.2374,
  "final_test_acc": 0.2374,
  "elapsed_seconds": 1.5319533000001684,
  "parameter_count": 51085,
  "parameter_groups": {
    "synaptic": [
      "input.weight",
      "input.bias",
      "output.weight",
      "output.bias"
    ],
    "intrinsic": [
      "field.theta_raw",
      "field.strength_raw",
      "field.decay_raw",
      "field.rho_raw",
      "field.beta_raw",
      "field.gamma_raw"
    ],
    "other": [],
    "discrete_intrinsic": []
  },
  "max_parameter_delta": {
    "synaptic": 0.012030724436044693,
    "intrinsic": 0.0011820793151855469,
    "other": 0.0
  },
  "max_inactive_change": null,
  "final_dynamics": {
    "membrane_mean": [
      -0.09194451570510864,
      0.22740408778190613,
      0.814156174659729,
      1.8736926317214966
    ],
    "membrane_abs_mean": [
      0.35618361830711365,
      0.46784085035324097,
      0.9124013185501099,
      1.9064429998397827
    ],
    "state_change": [
      0.2140996903181076,
      0.31934958696365356,
      0.5867521166801453,
      1.0595364570617676
    ],
    "activation_rate": [
      0.02774234674870968,
      0.07320232689380646,
      0.1965082883834839,
      0.4403698742389679
    ],
    "release_abs_mean": [
      0.03250880166888237,
      0.060375768691301346,
      0.12405738979578018,
      0.23606696724891663
    ],
    "excitation_mean": [
      0.16172008216381073,
      0.3215480446815491,
      0.686439037322998,
      1.351250410079956
    ],
    "inhibition_mean": [
      0.008897215127944946,
      0.020601307973265648,
      0.05421149730682373,
      0.12887199223041534
    ],
    "inhibition_gate_mean": [
      0.34744200110435486,
      0.37506210803985596,
      0.43834373354911804,
      0.5503454208374023
    ],
    "threshold_mean": 0.5001363754272461,
    "effective_threshold_mean": [
      0.5001363754272461,
      0.5326694250106812,
      0.5865864753723145,
      0.6934614777565002
    ],
    "decay_mean": 0.799964189529419,
    "refractory_mean": [
      0.06501626968383789,
      0.1727675348520279,
      0.38635358214378357,
      0.7813158631324768
    ],
    "rho": 0.1498464196920395,
    "beta": 1.000697374343872,
    "gamma": 0.5003838539123535,
    "dead_ratio": 3.98596930608619e-05,
    "saturated_ratio": 0.0
  }
}

STDERR
