{"epoch": 1, "train_loss": 2.2501368522644043, "train_acc": 0.20703125, "test_loss": 2.1670058586120606, "test_acc": 0.3767, "grad_norm_mean": 0.7404724955558777}
{
  "status": "complete",
  "error": null,
  "best_test_acc": 0.3767,
  "final_test_acc": 0.3767,
  "elapsed_seconds": 1.4849495999951614,
  "parameter_count": 203540,
  "parameter_groups": {
    "synaptic": [
      "input.weight",
      "input.bias",
      "field.kernel",
      "output.weight",
      "output.bias"
    ],
    "intrinsic": [
      "field.decay_raw"
    ],
    "other": [],
    "discrete_intrinsic": []
  },
  "max_parameter_delta": {
    "synaptic": 0.0012034913524985313,
    "intrinsic": 0.00010895729064941406,
    "other": 0.0
  },
  "max_inactive_change": null,
  "final_dynamics": {
    "state_abs_mean": [
      0.13278280198574066
    ],
    "state_variance": [
      0.028004290536046028
    ],
    "state_change": [
      0.06439237296581268
    ],
    "activation_mean": [
      0.14546158909797668
    ],
    "dead_ratio": 0.0005580356810241938,
    "saturated_ratio": 0.0,
    "decay": 0.8000174164772034
  }
}

STDERR
